Step1～4で実行したコマンド履歴

kurosuremi@kurosureihitsujinoMacBook-Air git_kadai1 % mkdir git_challenge

kurosuremi@kurosureihitsujinoMacBook-Air git_kadai1 % cd git_challenge
kurosuremi@kurosureihitsujinoMacBook-Air git_kadai1 % git init
Initialized empty Git repository in /Users/kurosuremi/git_kadai1/git_challenge/.git/
kurosuremi@Mac kadai_005 % 

kurosuremi@Mac git_challenge % echo 'Hello, World!' >> hello_world.txt

kurosuremi@Mac git_challenge % git add hello_world.txt
kurosuremi@Mac git_challenge % git commit -m 'hello_world.txtを追加'
[main (root-commit) 2d1e62a] hello_world.txtを追加
 1 file changed, 1 insertion(+)
 create mode 100644 hello_world.txt
kurosuremi@Mac git_challenge % 
kurosuremi@Mac git_challenge % git add hello_world.txt 
kurosuremi@Mac git_challenge % git commit -m '日本語訳を追記'
[main 57627e6] 日本語訳を追記
 1 file changed, 1 insertion(+)
kurosuremi@Mac git_challenge % 

kurosuremi@Mac git_challenge % git log --oneline
57627e6 (HEAD -> main) 日本語訳を追記
2d1e62a hello_world.txtを追加

kurosuremi@Mac git_challenge % cd ..
kurosuremi@Mac git_kadai1 % mkdir kadai_005
kurosuremi@Mac kadai_005 % git init                             
Initialized empty Git repository in /Users/kurosuremi/git_kadai1/kadai_005/.git/
kurosuremi@Mac kadai_005 % 

kurosuremi@Mac git_kadai1 % cd kadai_005
kurosuremi@Mac git_kadai1 % echo 'Step1～4で実行したコマンド履歴' >> kadai_005.txt
