kurosuremi@kurosureihitsujinoMacBook-Air ~ % pwd
/Users/kurosuremi
kurosuremi@kurosureihitsujinoMacBook-Air ~ % mkdir git_kadai1
kurosuremi@kurosureihitsujinoMacBook-Air ~ % cd git_kadai1
kurosuremi@kurosureihitsujinoMacBook-Air git_kadai1 % git init
Initialized empty Git repository in /Users/kurosuremi/git_kadai1/.git/
kurosuremi@kurosureihitsujinoMacBook-Air git_kadai1 % mkdir git_challenge
kurosuremi@kurosureihitsujinoMacBook-Air git_kadai1 % git remote add origin git@github.com:kurosu-str-taro/github-basic-kadai.git
kurosuremi@kurosureihitsujinoMacBook-Air git_kadai1 % git remote -v
origin	git@github.com:kurosu-str-taro/github-basic-kadai.git (fetch)
origin	git@github.com:kurosu-str-taro/github-basic-kadai.git (push)
kurosuremi@kurosureihitsujinoMacBook-Air git_kadai1 % git add git_challenge
kurosuremi@kurosureihitsujinoMacBook-Air git_kadai1 % git add git_challenge
kurosuremi@kurosureihitsujinoMacBook-Air git_kadai1 % git commit -m “hello_world.txtを追加”
[main (root-commit) f9e4aa2] “hello_world.txtを追加”
 1 file changed, 1 insertion(+)
 create mode 100644 git_challenge/hello_world.txt
kurosuremi@kurosureihitsujinoMacBook-Air git_kadai1 % git add git_challenge
kurosuremi@kurosureihitsujinoMacBook-Air git_kadai1 % git commit -m “日本語訳を 追記""
[main 80e2153] “日本語訳を追記
 1 file changed, 2 insertions(+), 1 deletion(-)
kurosuremi@kurosureihitsujinoMacBook-Air git_kadai1 % git log
commit 80e21534cec35e71598bd31a7f108ea7709a0ae6 (HEAD -> main)
Author: kurosu-str-taro <“kurosuremi@gmaii.com”>
Date:   Mon Mar 10 19:32:23 2025 +0900

    “日本語訳を追記

commit f9e4aa25411716af007ab92156c7cb8834be7d6a
Author: kurosu-str-taro <“kurosuremi@gmaii.com”>
Date:   Mon Mar 10 19:31:44 2025 +0900

    “hello_world.txtを追加”
kurosuremi@kurosureihitsujinoMacBook-Air git_kadai1 % mkdir kadai_005
kurosuremi@kurosureihitsujinoMacBook-Air git_kadai1 % 
